// Jest Snapshot v1, https://goo.gl/fbAQLP

exports[`Output renders correctly 1`] = `
<div
  className="output"
  dangerouslySetInnerHTML={
    Object {
      "__html": "",
    }
  }
/>
`;
